ALL RESULTS

$ "START TESTS"
-bash: START TESTS: command not found

UOTTAWA+awyat049@DESKTOP-8FD7L5L /cygdrive/c/Users/awyat049/OneDrive/Ottawa U/Year 5/2025 Winter/MAT4107 - Information Retrieval and Internet/Assignments/hub/eval/trec_eval-9.0.7
$ ./trec_eval test/test.test test/tfidf_cos_sim_nltk_wrds_porter.test
runid                   all     tfidf_cos_sim_nltk_wrds_porter
num_q                   all     300
num_ret                 all     29931
num_rel                 all     339
num_rel_ret             all     299
map                     all     0.5149
gm_map                  all     0.1091
Rprec                   all     0.4256
bpref                   all     0.8857
recip_rank              all     0.5255
iprec_at_recall_0.00    all     0.5261
iprec_at_recall_0.10    all     0.5261
iprec_at_recall_0.20    all     0.5261
iprec_at_recall_0.30    all     0.5226
iprec_at_recall_0.40    all     0.5176
iprec_at_recall_0.50    all     0.5176
iprec_at_recall_0.60    all     0.5101
iprec_at_recall_0.70    all     0.5098
iprec_at_recall_0.80    all     0.5069
iprec_at_recall_0.90    all     0.5064
iprec_at_recall_1.00    all     0.5064
P_5                     all     0.1333
P_10                    all     0.0763
P_15                    all     0.0538
P_20                    all     0.0423
P_30                    all     0.0301
P_100                   all     0.0100
P_200                   all     0.0050
P_500                   all     0.0020
P_1000                  all     0.0010

UOTTAWA+awyat049@DESKTOP-8FD7L5L /cygdrive/c/Users/awyat049/OneDrive/Ottawa U/Year 5/2025 Winter/MAT4107 - Information Retrieval and Internet/Assignments/hub/eval/trec_eval-9.0.7
$ ./trec_eval test/test.test test/tfidf_raw_score_nltk_wrds_porter.test
runid                   all     tfidf_raw_score_nltk_wrds_porter
num_q                   all     300
num_ret                 all     29931
num_rel                 all     339
num_rel_ret             all     300
map                     all     0.4441
gm_map                  all     0.1006
Rprec                   all     0.3013
bpref                   all     0.8864
recip_rank              all     0.4539
iprec_at_recall_0.00    all     0.4548
iprec_at_recall_0.10    all     0.4548
iprec_at_recall_0.20    all     0.4548
iprec_at_recall_0.30    all     0.4532
iprec_at_recall_0.40    all     0.4499
iprec_at_recall_0.50    all     0.4498
iprec_at_recall_0.60    all     0.4379
iprec_at_recall_0.70    all     0.4374
iprec_at_recall_0.80    all     0.4359
iprec_at_recall_0.90    all     0.4354
iprec_at_recall_1.00    all     0.4354
P_5                     all     0.1327
P_10                    all     0.0783
P_15                    all     0.0569
P_20                    all     0.0440
P_30                    all     0.0303
P_100                   all     0.0100
P_200                   all     0.0050
P_500                   all     0.0020
P_1000                  all     0.0010

UOTTAWA+awyat049@DESKTOP-8FD7L5L /cygdrive/c/Users/awyat049/OneDrive/Ottawa U/Year 5/2025 Winter/MAT4107 - Information Retrieval and Internet/Assignments/hub/eval/trec_eval-9.0.7
$ ./trec_eval test/test.test test/bm25_cos_sim_nltk_wrds_porter.test
runid                   all     bm25_cos_sim_nltk_wrds_porter
num_q                   all     300
num_ret                 all     29931
num_rel                 all     339
num_rel_ret             all     301
map                     all     0.5150
gm_map                  all     0.1120
Rprec                   all     0.4256
bpref                   all     0.8897
recip_rank              all     0.5256
iprec_at_recall_0.00    all     0.5261
iprec_at_recall_0.10    all     0.5261
iprec_at_recall_0.20    all     0.5261
iprec_at_recall_0.30    all     0.5227
iprec_at_recall_0.40    all     0.5177
iprec_at_recall_0.50    all     0.5176
iprec_at_recall_0.60    all     0.5101
iprec_at_recall_0.70    all     0.5099
iprec_at_recall_0.80    all     0.5069
iprec_at_recall_0.90    all     0.5064
iprec_at_recall_1.00    all     0.5064
P_5                     all     0.1333
P_10                    all     0.0763
P_15                    all     0.0540
P_20                    all     0.0423
P_30                    all     0.0301
P_100                   all     0.0100
P_200                   all     0.0050
P_500                   all     0.0020
P_1000                  all     0.0010

UOTTAWA+awyat049@DESKTOP-8FD7L5L /cygdrive/c/Users/awyat049/OneDrive/Ottawa U/Year 5/2025 Winter/MAT4107 - Information Retrieval and Internet/Assignments/hub/eval/trec_eval-9.0.7
$ ./trec_eval test/test.test test/bm25_raw_score_nltk_wrds_porter.test
runid                   all     bm25_raw_score_nltk_wrds_porter
num_q                   all     300
num_ret                 all     29931
num_rel                 all     339
num_rel_ret             all     292
map                     all     0.3891
gm_map                  all     0.0666
Rprec                   all     0.2536
bpref                   all     0.8614
recip_rank              all     0.3958
iprec_at_recall_0.00    all     0.3968
iprec_at_recall_0.10    all     0.3968
iprec_at_recall_0.20    all     0.3968
iprec_at_recall_0.30    all     0.3954
iprec_at_recall_0.40    all     0.3940
iprec_at_recall_0.50    all     0.3935
iprec_at_recall_0.60    all     0.3841
iprec_at_recall_0.70    all     0.3840
iprec_at_recall_0.80    all     0.3833
iprec_at_recall_0.90    all     0.3830
iprec_at_recall_1.00    all     0.3830
P_5                     all     0.1213
P_10                    all     0.0727
P_15                    all     0.0518
P_20                    all     0.0407
P_30                    all     0.0289
P_100                   all     0.0097
P_200                   all     0.0049
P_500                   all     0.0019
P_1000                  all     0.0010

UOTTAWA+awyat049@DESKTOP-8FD7L5L /cygdrive/c/Users/awyat049/OneDrive/Ottawa U/Year 5/2025 Winter/MAT4107 - Information Retrieval and Internet/Assignments/hub/eval/trec_eval-9.0.7
$ ./trec_eval test/test.test test/tfidf_cos_sim_nltk_wrds_lancaster.test
runid                   all     tfidf_cos_sim_nltk_wrds_lancaster
num_q                   all     300
num_ret                 all     30000
num_rel                 all     339
num_rel_ret             all     301
map                     all     0.5030
gm_map                  all     0.1098
Rprec                   all     0.4083
bpref                   all     0.8924
recip_rank              all     0.5139
iprec_at_recall_0.00    all     0.5149
iprec_at_recall_0.10    all     0.5149
iprec_at_recall_0.20    all     0.5149
iprec_at_recall_0.30    all     0.5115
iprec_at_recall_0.40    all     0.5068
iprec_at_recall_0.50    all     0.5066
iprec_at_recall_0.60    all     0.4975
iprec_at_recall_0.70    all     0.4975
iprec_at_recall_0.80    all     0.4947
iprec_at_recall_0.90    all     0.4942
iprec_at_recall_1.00    all     0.4942
P_5                     all     0.1287
P_10                    all     0.0747
P_15                    all     0.0544
P_20                    all     0.0422
P_30                    all     0.0298
P_100                   all     0.0100
P_200                   all     0.0050
P_500                   all     0.0020
P_1000                  all     0.0010

UOTTAWA+awyat049@DESKTOP-8FD7L5L /cygdrive/c/Users/awyat049/OneDrive/Ottawa U/Year 5/2025 Winter/MAT4107 - Information Retrieval and Internet/Assignments/hub/eval/trec_eval-9.0.7
$ ./trec_eval test/test.test test/tfidf_raw_score_nltk_wrds_lancaster.test
runid                   all     tfidf_raw_score_nltk_wrds_lancaster
num_q                   all     300
num_ret                 all     30000
num_rel                 all     339
num_rel_ret             all     307
map                     all     0.4597
gm_map                  all     0.1103
Rprec                   all     0.3334
bpref                   all     0.9010
recip_rank              all     0.4689
iprec_at_recall_0.00    all     0.4710
iprec_at_recall_0.10    all     0.4710
iprec_at_recall_0.20    all     0.4710
iprec_at_recall_0.30    all     0.4705
iprec_at_recall_0.40    all     0.4667
iprec_at_recall_0.50    all     0.4655
iprec_at_recall_0.60    all     0.4532
iprec_at_recall_0.70    all     0.4529
iprec_at_recall_0.80    all     0.4515
iprec_at_recall_0.90    all     0.4506
iprec_at_recall_1.00    all     0.4506
P_5                     all     0.1307
P_10                    all     0.0787
P_15                    all     0.0564
P_20                    all     0.0438
P_30                    all     0.0306
P_100                   all     0.0102
P_200                   all     0.0051
P_500                   all     0.0020
P_1000                  all     0.0010

UOTTAWA+awyat049@DESKTOP-8FD7L5L /cygdrive/c/Users/awyat049/OneDrive/Ottawa U/Year 5/2025 Winter/MAT4107 - Information Retrieval and Internet/Assignments/hub/eval/trec_eval-9.0.7
$ ./trec_eval test/test.test test/bm25_cos_sim_nltk_wrds_lancaster.test
runid                   all     bm25_cos_sim_nltk_wrds_lancaster
num_q                   all     300
num_ret                 all     30000
num_rel                 all     339
num_rel_ret             all     301
map                     all     0.5030
gm_map                  all     0.1099
Rprec                   all     0.4083
bpref                   all     0.8924
recip_rank              all     0.5140
iprec_at_recall_0.00    all     0.5149
iprec_at_recall_0.10    all     0.5149
iprec_at_recall_0.20    all     0.5149
iprec_at_recall_0.30    all     0.5115
iprec_at_recall_0.40    all     0.5068
iprec_at_recall_0.50    all     0.5067
iprec_at_recall_0.60    all     0.4975
iprec_at_recall_0.70    all     0.4975
iprec_at_recall_0.80    all     0.4947
iprec_at_recall_0.90    all     0.4942
iprec_at_recall_1.00    all     0.4942
P_5                     all     0.1287
P_10                    all     0.0747
P_15                    all     0.0544
P_20                    all     0.0422
P_30                    all     0.0298
P_100                   all     0.0100
P_200                   all     0.0050
P_500                   all     0.0020
P_1000                  all     0.0010

UOTTAWA+awyat049@DESKTOP-8FD7L5L /cygdrive/c/Users/awyat049/OneDrive/Ottawa U/Year 5/2025 Winter/MAT4107 - Information Retrieval and Internet/Assignments/hub/eval/trec_eval-9.0.7
$ ./trec_eval test/test.test test/bm25_raw_score_nltk_wrds_lancaster.test
runid                   all     bm25_raw_score_nltk_wrds_lancaster
num_q                   all     300
num_ret                 all     30000
num_rel                 all     339
num_rel_ret             all     295
map                     all     0.3920
gm_map                  all     0.0708
Rprec                   all     0.2653
bpref                   all     0.8709
recip_rank              all     0.4004
iprec_at_recall_0.00    all     0.4014
iprec_at_recall_0.10    all     0.4014
iprec_at_recall_0.20    all     0.4014
iprec_at_recall_0.30    all     0.3996
iprec_at_recall_0.40    all     0.3989
iprec_at_recall_0.50    all     0.3969
iprec_at_recall_0.60    all     0.3861
iprec_at_recall_0.70    all     0.3859
iprec_at_recall_0.80    all     0.3847
iprec_at_recall_0.90    all     0.3847
iprec_at_recall_1.00    all     0.3847
P_5                     all     0.1227
P_10                    all     0.0707
P_15                    all     0.0511
P_20                    all     0.0408
P_30                    all     0.0290
P_100                   all     0.0098
P_200                   all     0.0049
P_500                   all     0.0020
P_1000                  all     0.0010

UOTTAWA+awyat049@DESKTOP-8FD7L5L /cygdrive/c/Users/awyat049/OneDrive/Ottawa U/Year 5/2025 Winter/MAT4107 - Information Retrieval and Internet/Assignments/hub/eval/trec_eval-9.0.7
$ ./trec_eval test/test.test test/tfidf_cos_sim_nltk_wrds_snowball.test
runid                   all     tfidf_cos_sim_nltk_wrds_snowball
num_q                   all     300
num_ret                 all     29931
num_rel                 all     339
num_rel_ret             all     300
map                     all     0.5125
gm_map                  all     0.1113
Rprec                   all     0.4222
bpref                   all     0.8890
recip_rank              all     0.5231
iprec_at_recall_0.00    all     0.5236
iprec_at_recall_0.10    all     0.5236
iprec_at_recall_0.20    all     0.5236
iprec_at_recall_0.30    all     0.5202
iprec_at_recall_0.40    all     0.5151
iprec_at_recall_0.50    all     0.5151
iprec_at_recall_0.60    all     0.5078
iprec_at_recall_0.70    all     0.5075
iprec_at_recall_0.80    all     0.5046
iprec_at_recall_0.90    all     0.5042
iprec_at_recall_1.00    all     0.5042
P_5                     all     0.1333
P_10                    all     0.0770
P_15                    all     0.0544
P_20                    all     0.0427
P_30                    all     0.0302
P_100                   all     0.0100
P_200                   all     0.0050
P_500                   all     0.0020
P_1000                  all     0.0010

UOTTAWA+awyat049@DESKTOP-8FD7L5L /cygdrive/c/Users/awyat049/OneDrive/Ottawa U/Year 5/2025 Winter/MAT4107 - Information Retrieval and Internet/Assignments/hub/eval/trec_eval-9.0.7
$ ./trec_eval test/test.test test/tfidf_raw_score_nltk_wrds_snowball.test
runid                   all     tfidf_raw_score_nltk_wrds_snowball
num_q                   all     300
num_ret                 all     29931
num_rel                 all     339
num_rel_ret             all     299
map                     all     0.4441
gm_map                  all     0.0988
Rprec                   all     0.3002
bpref                   all     0.8831
recip_rank              all     0.4539
iprec_at_recall_0.00    all     0.4551
iprec_at_recall_0.10    all     0.4551
iprec_at_recall_0.20    all     0.4551
iprec_at_recall_0.30    all     0.4535
iprec_at_recall_0.40    all     0.4496
iprec_at_recall_0.50    all     0.4495
iprec_at_recall_0.60    all     0.4379
iprec_at_recall_0.70    all     0.4374
iprec_at_recall_0.80    all     0.4358
iprec_at_recall_0.90    all     0.4352
iprec_at_recall_1.00    all     0.4352
P_5                     all     0.1327
P_10                    all     0.0783
P_15                    all     0.0573
P_20                    all     0.0442
P_30                    all     0.0308
P_100                   all     0.0100
P_200                   all     0.0050
P_500                   all     0.0020
P_1000                  all     0.0010

UOTTAWA+awyat049@DESKTOP-8FD7L5L /cygdrive/c/Users/awyat049/OneDrive/Ottawa U/Year 5/2025 Winter/MAT4107 - Information Retrieval and Internet/Assignments/hub/eval/trec_eval-9.0.7
$
./trec_eval test/test.test test/bm25_cos_sim_nltk_wrds_snowball.test
runid                   all     bm25_cos_sim_nltk_wrds_snowball
num_q                   all     300
num_ret                 all     29931
num_rel                 all     339
num_rel_ret             all     301
map                     all     0.5126
gm_map                  all     0.1116
Rprec                   all     0.4222
bpref                   all     0.8897
recip_rank              all     0.5231
iprec_at_recall_0.00    all     0.5236
iprec_at_recall_0.10    all     0.5236
iprec_at_recall_0.20    all     0.5236
iprec_at_recall_0.30    all     0.5202
iprec_at_recall_0.40    all     0.5152
iprec_at_recall_0.50    all     0.5151
iprec_at_recall_0.60    all     0.5078
iprec_at_recall_0.70    all     0.5075
iprec_at_recall_0.80    all     0.5046
iprec_at_recall_0.90    all     0.5042
iprec_at_recall_1.00    all     0.5042
P_5                     all     0.1333
P_10                    all     0.0770
P_15                    all     0.0544
P_20                    all     0.0427
P_30                    all     0.0302
P_100                   all     0.0100
P_200                   all     0.0050
P_500                   all     0.0020
P_1000                  all     0.0010

UOTTAWA+awyat049@DESKTOP-8FD7L5L /cygdrive/c/Users/awyat049/OneDrive/Ottawa U/Year 5/2025 Winter/MAT4107 - Information Retrieval and Internet/Assignments/hub/eval/trec_eval-9.0.7
$ ./trec_eval test/test.test test/bm25_raw_score_nltk_wrds_snowball.test
runid                   all     bm25_raw_score_nltk_wrds_snowball
num_q                   all     300
num_ret                 all     29931
num_rel                 all     339
num_rel_ret             all     293
map                     all     0.3907
gm_map                  all     0.0683
Rprec                   all     0.2569
bpref                   all     0.8648
recip_rank              all     0.3975
iprec_at_recall_0.00    all     0.3984
iprec_at_recall_0.10    all     0.3984
iprec_at_recall_0.20    all     0.3984
iprec_at_recall_0.30    all     0.3970
iprec_at_recall_0.40    all     0.3956
iprec_at_recall_0.50    all     0.3952
iprec_at_recall_0.60    all     0.3858
iprec_at_recall_0.70    all     0.3857
iprec_at_recall_0.80    all     0.3850
iprec_at_recall_0.90    all     0.3846
iprec_at_recall_1.00    all     0.3846
P_5                     all     0.1207
P_10                    all     0.0720
P_15                    all     0.0516
P_20                    all     0.0408
P_30                    all     0.0289
P_100                   all     0.0098
P_200                   all     0.0049
P_500                   all     0.0020
P_1000                  all     0.0010

UOTTAWA+awyat049@DESKTOP-8FD7L5L /cygdrive/c/Users/awyat049/OneDrive/Ottawa U/Year 5/2025 Winter/MAT4107 - Information Retrieval and Internet/Assignments/hub/eval/trec_eval-9.0.7
$ ./trec_eval test/test.test test/tfidf_cos_sim_ink_wrds_porter.test
runid                   all     tfidf_cos_sim_ink_wrds_porter
num_q                   all     300
num_ret                 all     29779
num_rel                 all     339
num_rel_ret             all     300
map                     all     0.5136
gm_map                  all     0.1111
Rprec                   all     0.4222
bpref                   all     0.8873
recip_rank              all     0.5245
iprec_at_recall_0.00    all     0.5250
iprec_at_recall_0.10    all     0.5250
iprec_at_recall_0.20    all     0.5250
iprec_at_recall_0.30    all     0.5213
iprec_at_recall_0.40    all     0.5164
iprec_at_recall_0.50    all     0.5164
iprec_at_recall_0.60    all     0.5088
iprec_at_recall_0.70    all     0.5086
iprec_at_recall_0.80    all     0.5053
iprec_at_recall_0.90    all     0.5048
iprec_at_recall_1.00    all     0.5048
P_5                     all     0.1333
P_10                    all     0.0763
P_15                    all     0.0540
P_20                    all     0.0428
P_30                    all     0.0300
P_100                   all     0.0100
P_200                   all     0.0050
P_500                   all     0.0020
P_1000                  all     0.0010

UOTTAWA+awyat049@DESKTOP-8FD7L5L /cygdrive/c/Users/awyat049/OneDrive/Ottawa U/Year 5/2025 Winter/MAT4107 - Information Retrieval and Internet/Assignments/hub/eval/trec_eval-9.0.7
$ ./trec_eval test/test.test test/tfidf_raw_score_ink_wrds_porter.test
runid                   all     tfidf_raw_score_ink_wrds_porter
num_q                   all     300
num_ret                 all     29779
num_rel                 all     339
num_rel_ret             all     301
map                     all     0.4463
gm_map                  all     0.1030
Rprec                   all     0.3054
bpref                   all     0.8898
recip_rank              all     0.4552
iprec_at_recall_0.00    all     0.4566
iprec_at_recall_0.10    all     0.4566
iprec_at_recall_0.20    all     0.4566
iprec_at_recall_0.30    all     0.4550
iprec_at_recall_0.40    all     0.4519
iprec_at_recall_0.50    all     0.4518
iprec_at_recall_0.60    all     0.4408
iprec_at_recall_0.70    all     0.4402
iprec_at_recall_0.80    all     0.4388
iprec_at_recall_0.90    all     0.4383
iprec_at_recall_1.00    all     0.4383
P_5                     all     0.1353
P_10                    all     0.0787
P_15                    all     0.0567
P_20                    all     0.0438
P_30                    all     0.0304
P_100                   all     0.0100
P_200                   all     0.0050
P_500                   all     0.0020
P_1000                  all     0.0010

UOTTAWA+awyat049@DESKTOP-8FD7L5L /cygdrive/c/Users/awyat049/OneDrive/Ottawa U/Year 5/2025 Winter/MAT4107 - Information Retrieval and Internet/Assignments/hub/eval/trec_eval-9.0.7
$ ./trec_eval test/test.test test/bm25_cos_sim_ink_wrds_porter.test
runid                   all     bm25_cos_sim_ink_wrds_porter
num_q                   all     300
num_ret                 all     29779
num_rel                 all     339
num_rel_ret             all     301
map                     all     0.5137
gm_map                  all     0.1115
Rprec                   all     0.4222
bpref                   all     0.8880
recip_rank              all     0.5245
iprec_at_recall_0.00    all     0.5250
iprec_at_recall_0.10    all     0.5250
iprec_at_recall_0.20    all     0.5250
iprec_at_recall_0.30    all     0.5214
iprec_at_recall_0.40    all     0.5165
iprec_at_recall_0.50    all     0.5164
iprec_at_recall_0.60    all     0.5089
iprec_at_recall_0.70    all     0.5086
iprec_at_recall_0.80    all     0.5053
iprec_at_recall_0.90    all     0.5048
iprec_at_recall_1.00    all     0.5048
P_5                     all     0.1333
P_10                    all     0.0763
P_15                    all     0.0542
P_20                    all     0.0428
P_30                    all     0.0300
P_100                   all     0.0100
P_200                   all     0.0050
P_500                   all     0.0020
P_1000                  all     0.0010

UOTTAWA+awyat049@DESKTOP-8FD7L5L /cygdrive/c/Users/awyat049/OneDrive/Ottawa U/Year 5/2025 Winter/MAT4107 - Information Retrieval and Internet/Assignments/hub/eval/trec_eval-9.0.7
$ ./trec_eval test/test.test test/bm25_raw_score_ink_wrds_porter.test
runid                   all     bm25_raw_score_ink_wrds_porter
num_q                   all     300
num_ret                 all     29779
num_rel                 all     339
num_rel_ret             all     293
map                     all     0.3922
gm_map                  all     0.0690
Rprec                   all     0.2569
bpref                   all     0.8648
recip_rank              all     0.3999
iprec_at_recall_0.00    all     0.4010
iprec_at_recall_0.10    all     0.4010
iprec_at_recall_0.20    all     0.4010
iprec_at_recall_0.30    all     0.3997
iprec_at_recall_0.40    all     0.3982
iprec_at_recall_0.50    all     0.3978
iprec_at_recall_0.60    all     0.3865
iprec_at_recall_0.70    all     0.3865
iprec_at_recall_0.80    all     0.3854
iprec_at_recall_0.90    all     0.3851
iprec_at_recall_1.00    all     0.3851
P_5                     all     0.1227
P_10                    all     0.0720
P_15                    all     0.0516
P_20                    all     0.0412
P_30                    all     0.0289
P_100                   all     0.0098
P_200                   all     0.0049
P_500                   all     0.0020
P_1000                  all     0.0010

UOTTAWA+awyat049@DESKTOP-8FD7L5L /cygdrive/c/Users/awyat049/OneDrive/Ottawa U/Year 5/2025 Winter/MAT4107 - Information Retrieval and Internet/Assignments/hub/eval/trec_eval-9.0.7
$ ./trec_eval test/test.test test/tfidf_cos_sim_ink_wrds_lancaster.test
runid                   all     tfidf_cos_sim_ink_wrds_lancaster
num_q                   all     300
num_ret                 all     30000
num_rel                 all     339
num_rel_ret             all     299
map                     all     0.4991
gm_map                  all     0.1038
Rprec                   all     0.4050
bpref                   all     0.8841
recip_rank              all     0.5099
iprec_at_recall_0.00    all     0.5109
iprec_at_recall_0.10    all     0.5109
iprec_at_recall_0.20    all     0.5109
iprec_at_recall_0.30    all     0.5077
iprec_at_recall_0.40    all     0.5031
iprec_at_recall_0.50    all     0.5030
iprec_at_recall_0.60    all     0.4936
iprec_at_recall_0.70    all     0.4936
iprec_at_recall_0.80    all     0.4907
iprec_at_recall_0.90    all     0.4901
iprec_at_recall_1.00    all     0.4901
P_5                     all     0.1273
P_10                    all     0.0747
P_15                    all     0.0544
P_20                    all     0.0423
P_30                    all     0.0297
P_100                   all     0.0100
P_200                   all     0.0050
P_500                   all     0.0020
P_1000                  all     0.0010

UOTTAWA+awyat049@DESKTOP-8FD7L5L /cygdrive/c/Users/awyat049/OneDrive/Ottawa U/Year 5/2025 Winter/MAT4107 - Information Retrieval and Internet/Assignments/hub/eval/trec_eval-9.0.7
$ ./trec_eval test/test.test test/tfidf_raw_score_ink_wrds_lancaster.test
runid                   all     tfidf_raw_score_ink_wrds_lancaster
num_q                   all     300
num_ret                 all     30000
num_rel                 all     339
num_rel_ret             all     308
map                     all     0.4484
gm_map                  all     0.1102
Rprec                   all     0.3144
bpref                   all     0.9043
recip_rank              all     0.4568
iprec_at_recall_0.00    all     0.4589
iprec_at_recall_0.10    all     0.4589
iprec_at_recall_0.20    all     0.4589
iprec_at_recall_0.30    all     0.4565
iprec_at_recall_0.40    all     0.4539
iprec_at_recall_0.50    all     0.4530
iprec_at_recall_0.60    all     0.4437
iprec_at_recall_0.70    all     0.4434
iprec_at_recall_0.80    all     0.4420
iprec_at_recall_0.90    all     0.4412
iprec_at_recall_1.00    all     0.4412
P_5                     all     0.1280
P_10                    all     0.0793
P_15                    all     0.0562
P_20                    all     0.0437
P_30                    all     0.0302
P_100                   all     0.0103
P_200                   all     0.0051
P_500                   all     0.0021
P_1000                  all     0.0010

UOTTAWA+awyat049@DESKTOP-8FD7L5L /cygdrive/c/Users/awyat049/OneDrive/Ottawa U/Year 5/2025 Winter/MAT4107 - Information Retrieval and Internet/Assignments/hub/eval/trec_eval-9.0.7
$ ./trec_eval test/test.test test/bm25_cos_sim_ink_wrds_lancaster.test
runid                   all     bm25_cos_sim_ink_wrds_lancaster
num_q                   all     300
num_ret                 all     30000
num_rel                 all     339
num_rel_ret             all     299
map                     all     0.4992
gm_map                  all     0.1038
Rprec                   all     0.4050
bpref                   all     0.8841
recip_rank              all     0.5099
iprec_at_recall_0.00    all     0.5109
iprec_at_recall_0.10    all     0.5109
iprec_at_recall_0.20    all     0.5109
iprec_at_recall_0.30    all     0.5078
iprec_at_recall_0.40    all     0.5032
iprec_at_recall_0.50    all     0.5030
iprec_at_recall_0.60    all     0.4937
iprec_at_recall_0.70    all     0.4937
iprec_at_recall_0.80    all     0.4907
iprec_at_recall_0.90    all     0.4902
iprec_at_recall_1.00    all     0.4902
P_5                     all     0.1273
P_10                    all     0.0747
P_15                    all     0.0544
P_20                    all     0.0423
P_30                    all     0.0297
P_100                   all     0.0100
P_200                   all     0.0050
P_500                   all     0.0020
P_1000                  all     0.0010

UOTTAWA+awyat049@DESKTOP-8FD7L5L /cygdrive/c/Users/awyat049/OneDrive/Ottawa U/Year 5/2025 Winter/MAT4107 - Information Retrieval and Internet/Assignments/hub/eval/trec_eval-9.0.7
$ ./trec_eval test/test.test test/bm25_raw_score_ink_wrds_lancaster.test
runid                   all     bm25_raw_score_ink_wrds_lancaster
num_q                   all     300
num_ret                 all     30000
num_rel                 all     339
num_rel_ret             all     298
map                     all     0.3904
gm_map                  all     0.0761
Rprec                   all     0.2620
bpref                   all     0.8809
recip_rank              all     0.3994
iprec_at_recall_0.00    all     0.4004
iprec_at_recall_0.10    all     0.4004
iprec_at_recall_0.20    all     0.4004
iprec_at_recall_0.30    all     0.3986
iprec_at_recall_0.40    all     0.3980
iprec_at_recall_0.50    all     0.3960
iprec_at_recall_0.60    all     0.3838
iprec_at_recall_0.70    all     0.3836
iprec_at_recall_0.80    all     0.3824
iprec_at_recall_0.90    all     0.3824
iprec_at_recall_1.00    all     0.3824
P_5                     all     0.1233
P_10                    all     0.0707
P_15                    all     0.0511
P_20                    all     0.0410
P_30                    all     0.0288
P_100                   all     0.0099
P_200                   all     0.0050
P_500                   all     0.0020
P_1000                  all     0.0010

UOTTAWA+awyat049@DESKTOP-8FD7L5L /cygdrive/c/Users/awyat049/OneDrive/Ottawa U/Year 5/2025 Winter/MAT4107 - Information Retrieval and Internet/Assignments/hub/eval/trec_eval-9.0.7
$ ./trec_eval test/test.test test/tfidf_cos_sim_ink_wrds_snowball.test
runid                   all     tfidf_cos_sim_ink_wrds_snowball
num_q                   all     300
num_ret                 all     29779
num_rel                 all     339
num_rel_ret             all     300
map                     all     0.5114
gm_map                  all     0.1110
Rprec                   all     0.4189
bpref                   all     0.8873
recip_rank              all     0.5221
iprec_at_recall_0.00    all     0.5226
iprec_at_recall_0.10    all     0.5226
iprec_at_recall_0.20    all     0.5226
iprec_at_recall_0.30    all     0.5189
iprec_at_recall_0.40    all     0.5140
iprec_at_recall_0.50    all     0.5140
iprec_at_recall_0.60    all     0.5066
iprec_at_recall_0.70    all     0.5064
iprec_at_recall_0.80    all     0.5031
iprec_at_recall_0.90    all     0.5027
iprec_at_recall_1.00    all     0.5027
P_5                     all     0.1333
P_10                    all     0.0767
P_15                    all     0.0549
P_20                    all     0.0430
P_30                    all     0.0301
P_100                   all     0.0100
P_200                   all     0.0050
P_500                   all     0.0020
P_1000                  all     0.0010

UOTTAWA+awyat049@DESKTOP-8FD7L5L /cygdrive/c/Users/awyat049/OneDrive/Ottawa U/Year 5/2025 Winter/MAT4107 - Information Retrieval and Internet/Assignments/hub/eval/trec_eval-9.0.7
$ ./trec_eval test/test.test test/tfidf_raw_score_ink_wrds_snowball.test
runid                   all     tfidf_raw_score_ink_wrds_snowball
num_q                   all     300
num_ret                 all     29779
num_rel                 all     339
num_rel_ret             all     300
map                     all     0.4510
gm_map                  all     0.1019
Rprec                   all     0.3127
bpref                   all     0.8864
recip_rank              all     0.4604
iprec_at_recall_0.00    all     0.4615
iprec_at_recall_0.10    all     0.4615
iprec_at_recall_0.20    all     0.4615
iprec_at_recall_0.30    all     0.4596
iprec_at_recall_0.40    all     0.4566
iprec_at_recall_0.50    all     0.4566
iprec_at_recall_0.60    all     0.4453
iprec_at_recall_0.70    all     0.4447
iprec_at_recall_0.80    all     0.4434
iprec_at_recall_0.90    all     0.4428
iprec_at_recall_1.00    all     0.4428
P_5                     all     0.1340
P_10                    all     0.0790
P_15                    all     0.0567
P_20                    all     0.0438
P_30                    all     0.0308
P_100                   all     0.0100
P_200                   all     0.0050
P_500                   all     0.0020
P_1000                  all     0.0010

UOTTAWA+awyat049@DESKTOP-8FD7L5L /cygdrive/c/Users/awyat049/OneDrive/Ottawa U/Year 5/2025 Winter/MAT4107 - Information Retrieval and Internet/Assignments/hub/eval/trec_eval-9.0.7
$ ./trec_eval test/test.test test/bm25_cos_sim_ink_wrds_snowball.test
runid                   all     bm25_cos_sim_ink_wrds_snowball
num_q                   all     300
num_ret                 all     29779
num_rel                 all     339
num_rel_ret             all     301
map                     all     0.5114
gm_map                  all     0.1114
Rprec                   all     0.4189
bpref                   all     0.8880
recip_rank              all     0.5221
iprec_at_recall_0.00    all     0.5226
iprec_at_recall_0.10    all     0.5226
iprec_at_recall_0.20    all     0.5226
iprec_at_recall_0.30    all     0.5190
iprec_at_recall_0.40    all     0.5141
iprec_at_recall_0.50    all     0.5140
iprec_at_recall_0.60    all     0.5066
iprec_at_recall_0.70    all     0.5064
iprec_at_recall_0.80    all     0.5031
iprec_at_recall_0.90    all     0.5027
iprec_at_recall_1.00    all     0.5027
P_5                     all     0.1333
P_10                    all     0.0767
P_15                    all     0.0549
P_20                    all     0.0430
P_30                    all     0.0301
P_100                   all     0.0100
P_200                   all     0.0050
P_500                   all     0.0020
P_1000                  all     0.0010

UOTTAWA+awyat049@DESKTOP-8FD7L5L /cygdrive/c/Users/awyat049/OneDrive/Ottawa U/Year 5/2025 Winter/MAT4107 - Information Retrieval and Internet/Assignments/hub/eval/trec_eval-9.0.7
$ ./trec_eval test/test.test test/bm25_raw_score_ink_wrds_snowball.test
runid                   all     bm25_raw_score_ink_wrds_snowball
num_q                   all     300
num_ret                 all     29779
num_rel                 all     339
num_rel_ret             all     295
map                     all     0.3940
gm_map                  all     0.0724
Rprec                   all     0.2602
bpref                   all     0.8714
recip_rank              all     0.4016
iprec_at_recall_0.00    all     0.4027
iprec_at_recall_0.10    all     0.4027
iprec_at_recall_0.20    all     0.4027
iprec_at_recall_0.30    all     0.4013
iprec_at_recall_0.40    all     0.3999
iprec_at_recall_0.50    all     0.3995
iprec_at_recall_0.60    all     0.3884
iprec_at_recall_0.70    all     0.3883
iprec_at_recall_0.80    all     0.3875
iprec_at_recall_0.90    all     0.3872
iprec_at_recall_1.00    all     0.3872
P_5                     all     0.1227
P_10                    all     0.0713
P_15                    all     0.0513
P_20                    all     0.0413
P_30                    all     0.0289
P_100                   all     0.0098
P_200                   all     0.0049
P_500                   all     0.0020
P_1000                  all     0.0010
